// Jest Snapshot v1, https://goo.gl/fbAQLP

exports[`renders correctly 1`] = `
ShallowWrapper {
  "complexSelector": ComplexSelector {
    "buildPredicate": [Function],
    "childrenOfNode": [Function],
    "findWhereUnwrapped": [Function],
  },
  "length": 1,
  "node": <styled.div>
    <styled.div>
        <Light
            animate={false}
            clickable={false}
            color="#00A74A"
            id={0}
            lightUpColor="#13ff7c"
            onClick={[Function]}
            topLeft={true}
        />
        <Light
            animate={false}
            clickable={false}
            color="#9F0F17"
            id={1}
            lightUpColor="#ff4c4c"
            onClick={[Function]}
            topRight={true}
        />
    </styled.div>
    <styled.div>
        <Light
            animate={false}
            bottomLeft={true}
            clickable={false}
            color="#CCA707"
            id={2}
            lightUpColor="#fed93f"
            onClick={[Function]}
        />
        <Light
            animate={false}
            bottomRight={true}
            clickable={false}
            color="#094A8F"
            id={3}
            lightUpColor="#1c8cff"
            onClick={[Function]}
        />
    </styled.div>
</styled.div>,
  "nodes": Array [
    <styled.div>
      <styled.div>
            <Light
                  animate={false}
                  clickable={false}
                  color="#00A74A"
                  id={0}
                  lightUpColor="#13ff7c"
                  onClick={[Function]}
                  topLeft={true}
            />
            <Light
                  animate={false}
                  clickable={false}
                  color="#9F0F17"
                  id={1}
                  lightUpColor="#ff4c4c"
                  onClick={[Function]}
                  topRight={true}
            />
      </styled.div>
      <styled.div>
            <Light
                  animate={false}
                  bottomLeft={true}
                  clickable={false}
                  color="#CCA707"
                  id={2}
                  lightUpColor="#fed93f"
                  onClick={[Function]}
            />
            <Light
                  animate={false}
                  bottomRight={true}
                  clickable={false}
                  color="#094A8F"
                  id={3}
                  lightUpColor="#1c8cff"
                  onClick={[Function]}
            />
      </styled.div>
</styled.div>,
  ],
  "options": Object {},
  "renderer": ReactShallowRenderer {
    "_instance": ShallowComponentWrapper {
      "_calledComponentWillUnmount": false,
      "_compositeType": 0,
      "_context": Object {},
      "_currentElement": <Lights />,
      "_debugID": 1,
      "_hostContainerInfo": null,
      "_hostParent": null,
      "_instance": Lights {
        "_reactInternalInstance": [Circular],
        "clickHandler": [Function],
        "context": Object {},
        "props": Object {},
        "refs": Object {},
        "state": Object {
          "lightOn": 100,
        },
        "updater": Object {
          "enqueueCallback": [Function],
          "enqueueCallbackInternal": [Function],
          "enqueueElementInternal": [Function],
          "enqueueForceUpdate": [Function],
          "enqueueReplaceState": [Function],
          "enqueueSetState": [Function],
          "isMounted": [Function],
          "validateCallback": [Function],
        },
      },
      "_mountOrder": 1,
      "_pendingCallbacks": null,
      "_pendingElement": null,
      "_pendingForceUpdate": false,
      "_pendingReplaceState": false,
      "_pendingStateQueue": null,
      "_renderedComponent": NoopInternalComponent {
        "_currentElement": <styled.div>
          <styled.div>
                    <Light
                              animate={false}
                              clickable={false}
                              color="#00A74A"
                              id={0}
                              lightUpColor="#13ff7c"
                              onClick={[Function]}
                              topLeft={true}
                    />
                    <Light
                              animate={false}
                              clickable={false}
                              color="#9F0F17"
                              id={1}
                              lightUpColor="#ff4c4c"
                              onClick={[Function]}
                              topRight={true}
                    />
          </styled.div>
          <styled.div>
                    <Light
                              animate={false}
                              bottomLeft={true}
                              clickable={false}
                              color="#CCA707"
                              id={2}
                              lightUpColor="#fed93f"
                              onClick={[Function]}
                    />
                    <Light
                              animate={false}
                              bottomRight={true}
                              clickable={false}
                              color="#094A8F"
                              id={3}
                              lightUpColor="#1c8cff"
                              onClick={[Function]}
                    />
          </styled.div>
</styled.div>,
        "_debugID": 2,
        "_renderedOutput": <styled.div>
          <styled.div>
                    <Light
                              animate={false}
                              clickable={false}
                              color="#00A74A"
                              id={0}
                              lightUpColor="#13ff7c"
                              onClick={[Function]}
                              topLeft={true}
                    />
                    <Light
                              animate={false}
                              clickable={false}
                              color="#9F0F17"
                              id={1}
                              lightUpColor="#ff4c4c"
                              onClick={[Function]}
                              topRight={true}
                    />
          </styled.div>
          <styled.div>
                    <Light
                              animate={false}
                              bottomLeft={true}
                              clickable={false}
                              color="#CCA707"
                              id={2}
                              lightUpColor="#fed93f"
                              onClick={[Function]}
                    />
                    <Light
                              animate={false}
                              bottomRight={true}
                              clickable={false}
                              color="#094A8F"
                              id={3}
                              lightUpColor="#1c8cff"
                              onClick={[Function]}
                    />
          </styled.div>
</styled.div>,
      },
      "_renderedNodeType": 1,
      "_rootNodeID": 0,
      "_topLevelWrapper": null,
      "_updateBatchNumber": null,
      "_warnedAboutRefsInRender": false,
    },
    "getRenderOutput": [Function],
    "render": [Function],
  },
  "root": [Circular],
  "unrendered": <Lights />,
}
`;
